// Jest Snapshot v1, https://goo.gl/fbAQLP

exports[`footer render correctly 1`] = `
<div>
  <footer
    class="py-2 text-center text-[10px] lg:text-[14px] bg-[#FEF6E8] border border-[#F8E6CC] fixed bottom-0 left-0 w-[100%]"
  >
    Powered by
     
    <a
      class="text-[#017D01]"
      href="http://webservice.recruit.co.jp/"
      target="_blank"
    >
      ホットペッパー Webサービス
    </a>
  </footer>
</div>
`;
